Using selector: EpollSelector
PyNaCl is not installed, voice will NOT be supported
on_ready has successfully been registered as an event
logging in using static token
GET https://discord.com/api/v7/users/@me with None has returned 200
GET https://discord.com/api/v7/users/@me has received {'id': '835862518680387585', 'username': 'HexMinerBot', 'avatar': None, 'discriminator': '9943', 'public_flags': 0, 'flags': 0, 'bot': True, 'locale': 'en-US', 'mfa_enabled': False, 'email': None, 'verified': True}
GET https://discord.com/api/v7/gateway with None has returned 200
GET https://discord.com/api/v7/gateway has received {'url': 'wss://gateway.discord.gg'}
Created websocket connected to wss://gateway.discord.gg?encoding=json&v=6&compress=zlib-stream
Dispatching event socket_raw_receive
For Shard ID None: WebSocket Event: {'t': None, 's': None, 'op': 10, 'd': {'heartbeat_interval': 41250, '_trace': ['["gateway-prd-main-gg0d",{"micros":0.0}]']}}
Dispatching event socket_response
Dispatching event socket_raw_send
Dispatching event socket_raw_send
Shard ID None has sent the IDENTIFY payload.
Dispatching event socket_raw_receive
For Shard ID None: WebSocket Event: {'t': None, 's': None, 'op': 11, 'd': None}
Dispatching event socket_response
Dispatching event socket_raw_receive
For Shard ID None: WebSocket Event: {'t': 'READY', 's': 1, 'op': 0, 'd': {'v': 6, 'user_settings': {}, 'user': {'verified': True, 'username': 'HexMinerBot', 'mfa_enabled': False, 'id': '835862518680387585', 'flags': 0, 'email': None, 'discriminator': '9943', 'bot': True, 'avatar': None}, 'session_id': '6c22423d08eba281a7b834fd0ae1fe5b', 'relationships': [], 'private_channels': [], 'presences': [], 'guilds': [{'unavailable': True, 'id': '542434436361355294'}, {'unavailable': True, 'id': '835862667041964052'}], 'guild_join_requests': [], 'geo_ordered_rtc_regions': ['europe', 'russia', 'us-east', 'us-central', 'india'], 'application': {'id': '835862518680387585', 'flags': 262144}, '_trace': ['["gateway-prd-main-gg0d",{"micros":111442,"calls":["discord-sessions-green-prd-2-165",{"micros":109339,"calls":["start_session",{"micros":71711,"calls":["api-prd-main-dt1z",{"micros":67532,"calls":["get_user",{"micros":6262},"add_authorized_ip",{"micros":6029},"get_guilds",{"micros":9971},"coros_wait",{"micros":1}]}]},"guilds_connect",{"micros":2,"calls":[]},"presence_connect",{"micros":29095,"calls":[]}]}]}]']}}
Dispatching event socket_response
Shard ID None has connected to Gateway: ["gateway-prd-main-gg0d",{"micros":111442,"calls":["discord-sessions-green-prd-2-165",{"micros":109339,"calls":["start_session",{"micros":71711,"calls":["api-prd-main-dt1z",{"micros":67532,"calls":["get_user",{"micros":6262},"add_authorized_ip",{"micros":6029},"get_guilds",{"micros":9971},"coros_wait",{"micros":1}]}]},"guilds_connect",{"micros":2,"calls":[]},"presence_connect",{"micros":29095,"calls":[]}]}]}] (Session ID: 6c22423d08eba281a7b834fd0ae1fe5b).
Dispatching event connect
Dispatching event socket_raw_receive
For Shard ID None: WebSocket Event: {'t': 'GUILD_CREATE', 's': 2, 'op': 0, 'd': {'explicit_content_filter': 0, 'public_updates_channel_id': None, 'application_id': None, 'system_channel_flags': 0, 'banner': None, 'owner_id': '244805193680551936', 'presences': [], 'max_members': 250000, 'preferred_locale': 'en-US', 'voice_states': [], 'members': [{'user': {'username': 'HexMinerBot', 'id': '835862518680387585', 'discriminator': '9943', 'bot': True, 'avatar': None}, 'roles': ['835895290216185857'], 'premium_since': None, 'pending': False, 'nick': None, 'mute': False, 'joined_at': '2021-04-25T15:09:27.396449+00:00', 'is_pending': False, 'hoisted_role': None, 'deaf': False}], 'unavailable': False, 'stage_instances': [], 'large': False, 'channels': [{'type': 4, 'position': 0, 'permission_overwrites': [], 'name': 'Text Channels', 'id': '542434436361355295'}, {'type': 0, 'topic': None, 'rate_limit_per_user': 0, 'position': 0, 'permission_overwrites': [], 'parent_id': '542434436361355295', 'name': 'general', 'last_message_id': '845002582640427038', 'id': '542434436361355296'}, {'type': 4, 'position': 0, 'permission_overwrites': [], 'name': 'Voice Channels', 'id': '542434436361355297'}, {'type': 0, 'topic': None, 'rate_limit_per_user': 0, 'position': 1, 'permission_overwrites': [], 'parent_id': '542434436361355295', 'name': 'groovyboi', 'last_message_id': '842927803518418964', 'id': '542436625670602781'}, {'user_limit': 0, 'type': 2, 'rtc_region': None, 'position': 0, 'permission_overwrites': [], 'parent_id': '542434436361355297', 'name': 'Tiltproof 🐓', 'id': '648545906219548673', 'bitrate': 64000}, {'user_limit': 0, 'type': 2, 'rtc_region': None, 'position': 1, 'permission_overwrites': [], 'parent_id': '542434436361355297', 'nsfw': False, 'name': 'Tilted 🔥', 'id': '651080306954207242', 'bitrate': 64000}, {'type': 0, 'topic': None, 'rate_limit_per_user': 0, 'position': 4, 'permission_overwrites': [{'type': 'role', 'id': '542434436361355294', 'deny_new': '16', 'deny': 16, 'allow_new': '0', 'allow': 0}], 'parent_id': '542434436361355295', 'name': 'server-infos', 'last_pin_timestamp': '2020-09-15T13:18:20.099000+00:00', 'last_message_id': '756563087485829256', 'id': '702925725350756353'}, {'user_limit': 0, 'type': 2, 'rtc_region': None, 'position': 3, 'permission_overwrites': [], 'parent_id': '542434436361355297', 'name': 'TiltAF (●ﾟ 益ﾟ)', 'id': '740601066659512390', 'bitrate': 64000}, {'user_limit': 0, 'type': 2, 'rtc_region': None, 'position': 2, 'permission_overwrites': [], 'parent_id': '542434436361355297', 'name': 'STFU ( `o_o´ )╭∩╮', 'id': '757667282586697759', 'bitrate': 64000}, {'type': 0, 'topic': None, 'rate_limit_per_user': 0, 'position': 2, 'permission_overwrites': [{'type': 'role', 'id': '542434436361355294', 'deny_new': '131088', 'deny': 131088, 'allow_new': '2112', 'allow': 2112}], 'parent_id': '542434436361355295', 'name': 'rythmboi', 'last_message_id': '845023818270375996', 'id': '808841666043576421'}, {'user_limit': 0, 'type': 2, 'rtc_region': None, 'position': 4, 'permission_overwrites': [], 'parent_id': '542434436361355297', 'nsfw': False, 'name': 'Stevens Schalfzimmer', 'id': '834501075947356252', 'bitrate': 64000}, {'type': 0, 'topic': None, 'rate_limit_per_user': 0, 'position': 5, 'permission_overwrites': [{'type': 'member', 'id': '280113366997925899', 'deny_new': '0', 'deny': 0, 'allow_new': '1024', 'allow': 1024}, {'type': 'role', 'id': '542434436361355294', 'deny_new': '1024', 'deny': 1024, 'allow_new': '0', 'allow': 0}, {'type': 'member', 'id': '348811957614411776', 'deny_new': '0', 'deny': 0, 'allow_new': '1024', 'allow': 1024}], 'parent_id': '542434436361355295', 'nsfw': False, 'name': 'just-for-rich-bitches', 'last_message_id': '846089433929220096', 'id': '835171578823442432'}], 'rules_channel_id': None, 'premium_subscription_count': 0, 'member_count': 21, 'default_message_notifications': 0, 'name': 'HexMining Corp.', 'afk_timeout': 300, 'system_channel_id': '542434436361355296', 'nsfw': False, 'icon': '1e98dd2414ed2e2577ca8cfb3a0435c1', 'lazy': True, 'region': 'eu-central', 'features': [], 'vanity_url_code': None, 'afk_channel_id': None, 'guild_hashes': {'version': 1, 'roles': {'omitted': False, 'hash': 'TACPJI43Neg'}, 'metadata': {'omitted': False, 'hash': 'KBDC7015Y0Q'}, 'channels': {'omitted': False, 'hash': 'gm4H9ndvBaM'}}, 'mfa_level': 0, 'description': None, 'nsfw_level': 0, 'max_video_channel_users': 25, 'roles': [{'position': 0, 'permissions_new': '6546775617', 'permissions': 104324673, 'name': '@everyone', 'mentionable': False, 'managed': False, 'id': '542434436361355294', 'hoist': False, 'color': 0}, {'tags': {'bot_id': '159985870458322944'}, 'position': 6, 'permissions_new': '6509035135', 'permissions': 66584191, 'name': 'MEE6', 'mentionable': False, 'managed': True, 'id': '543034536657944586', 'hoist': False, 'color': 0}, {'tags': {'bot_id': '234395307759108106'}, 'position': 5, 'permissions_new': '6479531080', 'permissions': 37080136, 'name': 'Groovy', 'mentionable': False, 'managed': True, 'id': '630143476935163925', 'hoist': False, 'color': 0}, {'position': 4, 'permissions_new': '6697770563', 'permissions': 255319619, 'name': 'No horny!', 'mentionable': True, 'managed': False, 'id': '694594884832723124', 'hoist': True, 'color': 15105570}, {'tags': {'bot_id': '235088799074484224'}, 'position': 3, 'permissions_new': '4294967304', 'permissions': 8, 'name': 'Rythm', 'mentionable': False, 'managed': True, 'id': '808841597340614703', 'hoist': False, 'color': 0}, {'position': 2, 'permissions_new': '8589402111', 'permissions': 2146951167, 'name': 'Miner', 'mentionable': True, 'managed': False, 'id': '835309893463703602', 'hoist': True, 'color': 15844367}, {'tags': {'bot_id': '835862518680387585'}, 'position': 1, 'permissions_new': '8', 'permissions': 8, 'name': 'HexMinerBot', 'mentionable': False, 'managed': True, 'id': '835895290216185857', 'hoist': False, 'color': 0}], 'emojis': [], 'verification_level': 0, 'joined_at': '2021-04-25T15:09:27.396449+00:00', 'premium_tier': 0, 'discovery_splash': None, 'threads': [], 'splash': None, 'application_command_count': 81, 'id': '542434436361355294'}}
Dispatching event socket_response
Dispatching event socket_raw_receive
For Shard ID None: WebSocket Event: {'t': 'GUILD_CREATE', 's': 3, 'op': 0, 'd': {'explicit_content_filter': 0, 'public_updates_channel_id': None, 'application_id': None, 'system_channel_flags': 0, 'banner': None, 'owner_id': '280113366997925899', 'presences': [], 'max_members': 100000, 'preferred_locale': 'en-US', 'voice_states': [], 'members': [{'user': {'username': 'HexMinerBot', 'id': '835862518680387585', 'discriminator': '9943', 'bot': True, 'avatar': None}, 'roles': ['835864556240371763'], 'mute': False, 'joined_at': '2021-04-25T13:07:19.917000+00:00', 'hoisted_role': None, 'deaf': False}], 'unavailable': False, 'stage_instances': [], 'large': False, 'channels': [{'type': 4, 'position': 0, 'permission_overwrites': [], 'name': 'Textkanäle', 'id': '835862667041964053'}, {'type': 4, 'position': 0, 'permission_overwrites': [], 'name': 'Sprachkanäle', 'id': '835862667041964054'}, {'type': 0, 'topic': None, 'rate_limit_per_user': 0, 'position': 0, 'permission_overwrites': [], 'parent_id': '835862667041964053', 'name': 'Allgemein', 'last_message_id': '835895028831879208', 'id': '835862667041964055'}, {'user_limit': 0, 'type': 2, 'rtc_region': None, 'position': 0, 'permission_overwrites': [], 'parent_id': '835862667041964054', 'name': 'Allgemein', 'id': '835862667041964056', 'bitrate': 64000}, {'type': 0, 'topic': None, 'rate_limit_per_user': 0, 'position': 1, 'permission_overwrites': [{'type': 'member', 'id': '835862518680387585', 'deny_new': '0', 'deny': 0, 'allow_new': '0', 'allow': 0}, {'type': 'role', 'id': '835862667041964052', 'deny_new': '1024', 'deny': 1024, 'allow_new': '0', 'allow': 0}], 'parent_id': '835862667041964053', 'name': 'other', 'last_message_id': '846082768898097194', 'id': '835872478517657640'}], 'rules_channel_id': None, 'premium_subscription_count': 0, 'member_count': 2, 'default_message_notifications': 0, 'name': 'TestBotServer', 'afk_timeout': 300, 'system_channel_id': '835862667041964055', 'nsfw': False, 'icon': None, 'lazy': True, 'region': 'europe', 'features': [], 'vanity_url_code': None, 'afk_channel_id': None, 'guild_hashes': {'version': 1, 'roles': {'omitted': False, 'hash': 'p5b1slnkipk'}, 'metadata': {'omitted': False, 'hash': '+R99jr4ZPwo'}, 'channels': {'omitted': False, 'hash': '+xtHldCXSek'}}, 'mfa_level': 0, 'description': None, 'nsfw_level': 0, 'max_video_channel_users': 25, 'roles': [{'position': 0, 'permissions_new': '6546771521', 'permissions': 104320577, 'name': '@everyone', 'mentionable': False, 'managed': False, 'id': '835862667041964052', 'hoist': False, 'color': 0}, {'tags': {'bot_id': '835862518680387585'}, 'position': 1, 'permissions_new': '8', 'permissions': 8, 'name': 'HexMinerBot', 'mentionable': False, 'managed': True, 'id': '835864556240371763', 'hoist': False, 'color': 0}], 'emojis': [], 'verification_level': 0, 'joined_at': '2021-04-25T13:07:19.917000+00:00', 'premium_tier': 0, 'discovery_splash': None, 'threads': [], 'splash': None, 'application_command_count': 0, 'id': '835862667041964052'}}
Dispatching event socket_response
Dispatching event guild_available
Dispatching event guild_available
Dispatching event ready
Bot is ready.
Sending "{"op":3,"d":{"game":{"type":0,"name":"Ethercraft","timestamps":{}},"afk":false,"since":0.0,"status":"online"}}" to change status
Dispatching event socket_raw_send
finished init
invoked minerInfo
Starting new HTTPS connection (1): api.ethermine.org
https://api.ethermine.org:443 "GET /miner/4744B5AD9494Ea1569051694Cc548a7d3140FB01/dashboard HTTP/1.1" 200 None
Starting new HTTPS connection (1): min-api.cryptocompare.com
https://min-api.cryptocompare.com:443 "GET /data/price?fsym=ETH&tsyms=EUR HTTP/1.1" 200 None
835171578823442432
Dispatching event socket_raw_receive
For Shard ID None: WebSocket Event: {'t': 'MESSAGE_CREATE', 's': 4, 'op': 0, 'd': {'type': 0, 'tts': False, 'timestamp': '2021-05-23T18:17:30.539000+00:00', 'referenced_message': None, 'pinned': False, 'mentions': [], 'mention_roles': [], 'mention_everyone': False, 'member': {'roles': ['835895290216185857'], 'premium_since': None, 'pending': False, 'nick': None, 'mute': False, 'joined_at': '2021-04-25T15:09:27.396449+00:00', 'is_pending': False, 'hoisted_role': None, 'deaf': False}, 'id': '846089475490447380', 'flags': 0, 'embeds': [], 'edited_timestamp': None, 'content': 'Current:  218.27 MH/s\nReported: 216.89 MH/s\nUnpaid: 0.011923 ETH / 18.49€\nEthereum: 1550.98€', 'components': [], 'channel_id': '835171578823442432', 'author': {'username': 'HexMinerBot', 'public_flags': 0, 'id': '835862518680387585', 'discriminator': '9943', 'bot': True, 'avatar': None}, 'attachments': [], 'guild_id': '542434436361355294'}}
Dispatching event socket_response
Dispatching event message
POST https://discord.com/api/v7/channels/835171578823442432/messages with {"content":"Current:  218.27 MH/s\nReported: 216.89 MH/s\nUnpaid: 0.011923 ETH / 18.49\u20ac\nEthereum: 1550.98\u20ac"} has returned 200
POST https://discord.com/api/v7/channels/835171578823442432/messages has received {'id': '846089475490447380', 'type': 0, 'content': 'Current:  218.27 MH/s\nReported: 216.89 MH/s\nUnpaid: 0.011923 ETH / 18.49€\nEthereum: 1550.98€', 'channel_id': '835171578823442432', 'author': {'id': '835862518680387585', 'username': 'HexMinerBot', 'avatar': None, 'discriminator': '9943', 'public_flags': 0, 'bot': True}, 'attachments': [], 'embeds': [], 'mentions': [], 'mention_roles': [], 'pinned': False, 'mention_everyone': False, 'tts': False, 'timestamp': '2021-05-23T18:17:30.539000+00:00', 'edited_timestamp': None, 'flags': 0, 'components': [], 'referenced_message': None}
